Timestamp: 2026-04-12T16:05:37
Source Root: /app
Destination Root: /publish_repo

Summary
NEW: 7
CHANGED: 4
DELETED: 1

New Files
/publish_repo/backgrounds/icon-1024.png
/publish_repo/backgrounds/icon-128.png
/publish_repo/backgrounds/icon-256.png
/publish_repo/backgrounds/icon-512.png
/publish_repo/backgrounds/icons.png
/publish_repo/data/news/artist_news.json
/publish_repo/news.html

Changed Files
/publish_repo/albums/album.html
/publish_repo/albums/albums.html
/publish_repo/artist.html
/publish_repo/index.html

Deleted Files
/publish_repo/backgrounds/icon.png
